$0000 | bgaddr0                    | KongPPU.asm:9
$0000 | bgblack                    | KongPPU.asm:21
$0000 | credits_main               | creditscreen.asm:1
$0000 | dispcolor                  | KongPPU.asm:29
$0000 | ft_sfx_ch0                 | famitone2.asm:177
$0000 | nametable20                | KongPPU.asm:15
$0000 | ppuinc1                    | KongPPU.asm:13
$0000 | ppumaster                  | KongPPU.asm:5
$0000 | ppusettings                | MainZP.asm:4
$0000 | spraddr0                   | KongPPU.asm:11
$0000 | sprite8x8                  | KongPPU.asm:7
$0000 | spritelayer0               | KongPPU.asm:82
$0000 | spritepal0                 | KongPPU.asm:78
$0000 | spriteypos                 | KongPPU.asm:72
$0000 | statetitle                 | gamedata.asm:12
$0001 | blanktiles                 | MainZP.asm:5
$0001 | credits_thanks             | creditscreen.asm:2
$0001 | dispmono                   | KongPPU.asm:30
$0001 | dpad_right                 | KongInput.asm:18
$0001 | nametable24                | KongPPU.asm:16
$0001 | spriteindex                | KongPPU.asm:73
$0001 | spritepal1                 | KongPPU.asm:79
$0001 | stateplaying               | gamedata.asm:13
$0002 | bgclipping                 | KongPPU.asm:28
$0002 | blankrows                  | MainZP.asm:6
$0002 | dpad_left                  | KongInput.asm:17
$0002 | nametable28                | KongPPU.asm:17
$0002 | spriteattr                 | KongPPU.asm:74
$0002 | spritepal2                 | KongPPU.asm:80
$0002 | stategameover              | gamedata.asm:14
$0003 | mapaddr                    | MainZP.asm:7
$0003 | nametable2c                | KongPPU.asm:18
$0003 | spritepal3                 | KongPPU.asm:81
$0003 | spritexpos                 | KongPPU.asm:75
$0003 | statetitlecard             | gamedata.asm:15
$0004 | dpad_down                  | KongInput.asm:16
$0004 | ft_sfx_streams             | famitone2.asm:23
$0004 | ppuinc32                   | KongPPU.asm:14
$0004 | sprclipping                | KongPPU.asm:27
$0004 | stateoptions               | gamedata.asm:16
$0005 | ft_channels_all            | famitone2.asm:80
$0005 | ft_env_struct_size         | famitone2.asm:69
$0005 | statecredits               | gamedata.asm:17
$0005 | straddr                    | MainZP.asm:8
$0006 | statepaused                | gamedata.asm:18
$0007 | nttmp                      | MainZP.asm:9
$0008 | bgvisible                  | KongPPU.asm:26
$0008 | dpad_up                    | KongInput.asm:15
$0008 | ntptr                      | MainZP.asm:10
$0008 | spraddr1                   | KongPPU.asm:12
$0009 | ft_chn_struct_size         | famitone2.asm:81
$000A | bgptrlow                   | MainZP.asm:11
$000B | bgptr                      | MainZP.asm:12
$000B | ft_envelopes_all           | famitone2.asm:68
$000C | leftwall                   | gamedata.asm:2
$000D | attrptr                    | MainZP.asm:13
$000F | ft_sfx_ch1                 | famitone2.asm:178
$000F | ft_sfx_struct_size         | famitone2.asm:168
$000F | ppuaddress                 | MainZP.asm:14
$0010 | bgaddr1                    | KongPPU.asm:10
$0010 | button_start               | KongInput.asm:14
$0010 | sprvisible                 | KongPPU.asm:25
$0010 | vramignore                 | KongPPU.asm:36
$0011 | paladdr                    | MainZP.asm:15
$0013 | banktype                   | MainZP.asm:16
$0014 | bankslot                   | MainZP.asm:17
$0015 | bufferp1                   | MainZP.asm:18
$0016 | buttonsp1                  | MainZP.asm:19
$0017 | bufferp2                   | MainZP.asm:20
$0018 | buttonsp2                  | MainZP.asm:21
$0018 | paddle1x                   | gamedata.asm:19
$0018 | paddlelength               | gamedata.asm:8
$0019 | bufferp3                   | MainZP.asm:22
$001A | buttonsp3                  | MainZP.asm:23
$001B | bufferp4                   | MainZP.asm:24
$001C | buttonsp4                  | MainZP.asm:25
$001D | bankcontrol                | MainZP.asm:26
$001E | ft_sfx_ch2                 | famitone2.asm:179
$001E | spritebank                 | MainZP.asm:27
$001F | bgbank                     | MainZP.asm:28
$0020 | bgred                      | KongPPU.asm:22
$0020 | button_select              | KongInput.asm:13
$0020 | nt0                        | KongPPU.asm:99
$0020 | port1sig                   | MainZP.asm:29
$0020 | sprite8x16                 | KongPPU.asm:8
$0020 | spritelayer1               | KongPPU.asm:83
$0020 | sprscan8                   | KongPPU.asm:35
$0021 | port2sig                   | MainZP.asm:30
$0022 | hasfourscore               | MainZP.asm:31
$0023 | at0                        | KongPPU.asm:105
$0024 | nt1                        | KongPPU.asm:100
$0024 | topwall                    | gamedata.asm:4
$0026 | paddletop                  | gamedata.asm:6
$0027 | at1                        | KongPPU.asm:106
$0028 | nt2                        | KongPPU.asm:101
$002B | at2                        | KongPPU.asm:107
$002C | nt3                        | KongPPU.asm:102
$002D | ft_sfx_ch3                 | famitone2.asm:180
$002F | at3                        | KongPPU.asm:108
$0040 | bgblue                     | KongPPU.asm:23
$0040 | button_b                   | KongInput.asm:12
$0040 | modestrptr                 | main.asm:26
$0040 | ppuslave                   | KongPPU.asm:6
$0040 | spriteflipx                | KongPPU.asm:84
$0040 | vblanksprite0              | KongPPU.asm:34
$0042 | fontstrptr                 | main.asm:27
$0044 | tilestrptr                 | main.asm:28
$0046 | bgmstrptr                  | main.asm:29
$0080 | bggreen                    | KongPPU.asm:24
$0080 | button_a                   | KongInput.asm:11
$0080 | nmionvblank                | KongPPU.asm:4
$0080 | spriteflipy                | KongPPU.asm:85
$0080 | vblankon                   | KongPPU.asm:33
$00BD | topbound                   | gamedata.asm:10
$00C0 | bottombound                | gamedata.asm:9
$00D4 | bottomwall                 | gamedata.asm:5
$00DA | paddlebottom               | gamedata.asm:7
$00E2 | paddle2x                   | gamedata.asm:20
$00ED | rightwall                  | gamedata.asm:3
$00FC | ft_temp                    | main.asm:36
$00FC | ft_temp_ptr                | famitone2.asm:60
$00FC | ft_temp_ptr_l              | famitone2.asm:61
$00FD | ft_temp_ptr_h              | famitone2.asm:62
$00FE | ft_temp_var1               | famitone2.asm:63
$0200 | ball                       | main.asm:51
$0201 | ballindex                  | main.asm:52
$0202 | ballattr                   | main.asm:53
$0203 | ballxpos                   | main.asm:54
$0204 | paddlep1top                | main.asm:59
$0208 | paddlep1mid                | main.asm:60
$020C | paddlep1bot                | main.asm:61
$0210 | paddlep2top                | main.asm:62
$0214 | paddlep2mid                | main.asm:63
$0218 | paddlep2bot                | main.asm:64
$021C | puff1                      | main.asm:70
$0220 | puff2                      | main.asm:71
$0224 | puff3                      | main.asm:72
$0228 | titlecursor                | main.asm:77
$0300 | ft_base_adr                | main.asm:81
$0300 | ft_ch1_envs                | famitone2.asm:97
$0300 | ft_ch1_volume              | famitone2.asm:128
$0300 | ft_chn_ptr_l               | famitone2.asm:83
$0300 | ft_env_value               | famitone2.asm:71
$0300 | ft_envelopes               | famitone2.asm:96
$0301 | ft_ch1_note_off            | famitone2.asm:133
$0302 | ft_ch1_pitch_off           | famitone2.asm:138
$0303 | ft_ch2_envs                | famitone2.asm:98
$0303 | ft_ch2_volume              | famitone2.asm:129
$0304 | ft_ch2_note_off            | famitone2.asm:134
$0305 | ft_ch2_pitch_off           | famitone2.asm:139
$0305 | ft_chn_ptr_h               | famitone2.asm:84
$0306 | ft_ch3_envs                | famitone2.asm:99
$0306 | ft_ch3_volume              | famitone2.asm:130
$0307 | ft_ch3_note_off            | famitone2.asm:135
$0308 | ft_ch3_pitch_off           | famitone2.asm:140
$0309 | ft_ch4_envs                | famitone2.asm:100
$0309 | ft_ch4_volume              | famitone2.asm:131
$030A | ft_ch4_note_off            | famitone2.asm:136
$030A | ft_chn_note                | famitone2.asm:85
$030B | ft_env_repeat              | famitone2.asm:72
$030F | ft_chn_instrument          | famitone2.asm:86
$0314 | ft_chn_repeat              | famitone2.asm:87
$0316 | ft_env_adr_l               | famitone2.asm:73
$0319 | ft_chn_return_l            | famitone2.asm:88
$031E | ft_chn_return_h            | famitone2.asm:89
$0321 | ft_env_adr_h               | famitone2.asm:74
$0323 | ft_chn_ref_len             | famitone2.asm:90
$0328 | ft_chn_duty                | famitone2.asm:91
$032C | ft_env_ptr                 | famitone2.asm:75
$0337 | ft_ch1_vars                | famitone2.asm:103
$0337 | ft_channels                | famitone2.asm:102
$0338 | ft_ch2_vars                | famitone2.asm:104
$0339 | ft_ch3_vars                | famitone2.asm:105
$033A | ft_ch4_vars                | famitone2.asm:106
$033B | ft_ch5_vars                | famitone2.asm:107
$0341 | ft_ch1_note                | famitone2.asm:110
$0342 | ft_ch2_note                | famitone2.asm:111
$0343 | ft_ch3_note                | famitone2.asm:112
$0344 | ft_ch4_note                | famitone2.asm:113
$0345 | ft_ch5_note                | famitone2.asm:114
$0346 | ft_ch1_instrument          | famitone2.asm:116
$0347 | ft_ch2_instrument          | famitone2.asm:117
$0348 | ft_ch3_instrument          | famitone2.asm:118
$0349 | ft_ch4_instrument          | famitone2.asm:119
$034A | ft_ch5_instrument          | famitone2.asm:120
$034A | ft_song_speed              | famitone2.asm:154
$035F | ft_ch1_duty                | famitone2.asm:122
$0360 | ft_ch2_duty                | famitone2.asm:123
$0361 | ft_ch3_duty                | famitone2.asm:124
$0361 | ft_pulse1_prev             | famitone2.asm:155
$0362 | ft_ch4_duty                | famitone2.asm:125
$0363 | ft_ch5_duty                | famitone2.asm:126
$0363 | ft_pulse2_prev             | famitone2.asm:156
$0364 | ft_pal_adjust              | famitone2.asm:145
$0364 | ft_vars                    | famitone2.asm:143
$0365 | ft_song_list_l             | famitone2.asm:146
$0366 | ft_song_list_h             | famitone2.asm:147
$0367 | ft_instrument_l            | famitone2.asm:148
$0368 | ft_instrument_h            | famitone2.asm:149
$0369 | ft_tempo_step_l            | famitone2.asm:150
$036A | ft_tempo_step_h            | famitone2.asm:151
$036B | ft_tempo_acc_l             | famitone2.asm:152
$036C | ft_tempo_acc_h             | famitone2.asm:153
$036D | ft_dpcm_list_l             | famitone2.asm:157
$036E | ft_dpcm_list_h             | famitone2.asm:158
$036F | ft_dpcm_effect             | famitone2.asm:159
$0370 | ft_mr_pulse1_v             | famitone2.asm:185
$0370 | ft_out_buf                 | famitone2.asm:160
$0371 | ft_mr_pulse1_l             | famitone2.asm:186
$0372 | ft_mr_pulse1_h             | famitone2.asm:187
$0373 | ft_mr_pulse2_v             | famitone2.asm:188
$0374 | ft_mr_pulse2_l             | famitone2.asm:189
$0375 | ft_mr_pulse2_h             | famitone2.asm:190
$0376 | ft_mr_tri_v                | famitone2.asm:191
$0377 | ft_mr_tri_l                | famitone2.asm:192
$0378 | ft_mr_tri_h                | famitone2.asm:193
$0379 | ft_mr_noise_v              | famitone2.asm:194
$037A | ft_mr_noise_f              | famitone2.asm:195
$037B | ft_sfx_adr_l               | famitone2.asm:165
$037C | ft_sfx_adr_h               | famitone2.asm:166
$037D | ft_sfx_base_adr            | famitone2.asm:167
$037D | ft_sfx_repeat              | famitone2.asm:169
$037E | ft_sfx_ptr_l               | famitone2.asm:170
$037F | ft_sfx_ptr_h               | famitone2.asm:171
$0380 | ft_sfx_off                 | famitone2.asm:172
$0381 | ft_sfx_buf                 | famitone2.asm:173
$0400 | scorep1                    | main.asm:85
$0401 | scorep2                    | main.asm:86
$0402 | ballx                      | main.asm:87
$0403 | bally                      | main.asm:88
$0404 | ballbottom                 | main.asm:89
$0405 | paddle1ytop                | main.asm:90
$0406 | paddle1ybot                | main.asm:91
$0407 | paddle2ytop                | main.asm:92
$0408 | paddle2ybot                | main.asm:93
$0409 | ballspeedx                 | main.asm:94
$040A | ballspeedy                 | main.asm:95
$040B | gamestate                  | main.asm:96
$040C | ballframe                  | main.asm:97
$040D | tempcounter                | main.asm:98
$040E | framecounter               | main.asm:99
$040F | pausetimer                 | main.asm:100
$0410 | pauseduration              | main.asm:101
$0411 | ballup                     | main.asm:102
$0412 | balldown                   | main.asm:103
$0413 | ballleft                   | main.asm:104
$0414 | ballright                  | main.asm:105
$0415 | titleshowing               | main.asm:106
$0416 | titlecardshowing           | main.asm:107
$0417 | initialoptions             | main.asm:108
$0418 | fieldrendered              | main.asm:109
$0419 | scorep1updated             | main.asm:110
$041A | scorep2updated             | main.asm:111
$041B | musicplaying               | main.asm:112
$041C | playscoresound             | main.asm:113
$041D | gameovershowing            | main.asm:114
$041E | creditsshowing             | main.asm:115
$041F | creditsscreen              | main.asm:116
$0420 | gamepaused                 | main.asm:117
$0421 | modeupdated                | main.asm:118
$0422 | tileupdated                | main.asm:119
$0423 | textupdated                | main.asm:120
$0424 | musicupdated               | main.asm:121
$0425 | textoffset                 | main.asm:122
$0427 | titlecursorindex           | main.asm:123
$0428 | paletteindex               | main.asm:124
$0429 | numplayers                 | main.asm:125
$042A | gameplaypaused             | main.asm:126
$042B | p1paddleup                 | main.asm:127
$042C | p1paddledown               | main.asm:128
$042D | p2paddleup                 | main.asm:129
$042E | p2paddledown               | main.asm:130
$042F | pauseframecounter          | main.asm:131
$2000 | nametable0                 | KongPPU.asm:92
$2000 | ppu_ctrl                   | famitone2.asm:28
$2000 | ppucontrol1                | KongPPU.asm:3
$2001 | ppu_mask                   | famitone2.asm:29
$2001 | ppucontrol2                | KongPPU.asm:20
$2002 | ppu_status                 | famitone2.asm:30
$2002 | ppustatus                  | KongPPU.asm:32
$2003 | spriteaddr                 | KongPPU.asm:38
$2004 | spriteio                   | KongPPU.asm:41
$2005 | bgscroll                   | KongPPU.asm:44
$2005 | ppu_scroll                 | famitone2.asm:31
$2006 | ppu_addr                   | famitone2.asm:32
$2006 | vramaddr                   | KongPPU.asm:47
$2007 | ppu_data                   | famitone2.asm:33
$2007 | vramio                     | KongPPU.asm:50
$23C0 | attributetable0            | KongPPU.asm:87
$2400 | nametable1                 | KongPPU.asm:93
$27C0 | attributetable1            | KongPPU.asm:88
$2800 | nametable2                 | KongPPU.asm:94
$284C | scorep1loc                 | gamedata.asm:26
$285B | scorep2loc                 | gamedata.asm:27
$29CB | gameoverfield              | gamedata.asm:29
$29E6 | pressstartfield            | gamedata.asm:30
$2BC0 | attributetable2            | KongPPU.asm:89
$2C00 | nametable3                 | KongPPU.asm:95
$2FC0 | attributetable3            | KongPPU.asm:90
$3F00 | bgpal0                     | KongPPU.asm:58
$3F00 | bgpalette                  | KongPPU.asm:54
$3F04 | bgpal1                     | KongPPU.asm:59
$3F08 | bgpal2                     | KongPPU.asm:60
$3F0C | bgpal3                     | KongPPU.asm:61
$3F10 | spritepalette              | KongPPU.asm:55
$3F10 | sprpal0                    | KongPPU.asm:63
$3F14 | sprpal1                    | KongPPU.asm:64
$3F18 | sprpal2                    | KongPPU.asm:65
$3F1C | sprpal3                    | KongPPU.asm:66
$4000 | apu_pl1_vol                | famitone2.asm:34
$4001 | apu_pl1_sweep              | famitone2.asm:35
$4002 | apu_pl1_lo                 | famitone2.asm:36
$4003 | apu_pl1_hi                 | famitone2.asm:37
$4004 | apu_pl2_vol                | famitone2.asm:38
$4005 | apu_pl2_sweep              | famitone2.asm:39
$4006 | apu_pl2_lo                 | famitone2.asm:40
$4007 | apu_pl2_hi                 | famitone2.asm:41
$4008 | apu_tri_linear             | famitone2.asm:42
$400A | apu_tri_lo                 | famitone2.asm:43
$400B | apu_tri_hi                 | famitone2.asm:44
$400C | apu_noise_vol              | famitone2.asm:45
$400E | apu_noise_lo               | famitone2.asm:46
$400F | apu_noise_hi               | famitone2.asm:47
$4010 | apu_dmc_freq               | famitone2.asm:48
$4011 | apu_dmc_raw                | famitone2.asm:49
$4012 | apu_dmc_start              | famitone2.asm:50
$4013 | apu_dmc_len                | famitone2.asm:51
$4014 | ppu_spr_dma                | famitone2.asm:52
$4014 | spritedma                  | KongPPU.asm:68
$4015 | apu_snd_chn                | famitone2.asm:53
$4016 | ctrl_port1                 | famitone2.asm:54
$4016 | pad1                       | KongInput.asm:3
$4017 | apu_framecnt               | famitone2.asm:55
$4017 | pad2                       | KongInput.asm:4
$8000 | reduxsoundtrack_music_data | ReduxSoundtrack.oph:3
$8059 | instruments                | ReduxSoundtrack.oph:14
$80E9 | env0                       | ReduxSoundtrack.oph:71
$80E9 | samples                    | ReduxSoundtrack.oph:70
$80EC | env1                       | ReduxSoundtrack.oph:73
$810C | env2                       | ReduxSoundtrack.oph:76
$810F | env3                       | ReduxSoundtrack.oph:78
$811F | env4                       | ReduxSoundtrack.oph:80
$8127 | env5                       | ReduxSoundtrack.oph:82
$8136 | env6                       | ReduxSoundtrack.oph:84
$813F | env7                       | ReduxSoundtrack.oph:86
$8154 | env8                       | ReduxSoundtrack.oph:89
$8159 | env9                       | ReduxSoundtrack.oph:91
$8164 | env10                      | ReduxSoundtrack.oph:93
$8169 | env11                      | ReduxSoundtrack.oph:95
$8176 | env12                      | ReduxSoundtrack.oph:97
$817D | env13                      | ReduxSoundtrack.oph:99
$8182 | env14                      | ReduxSoundtrack.oph:101
$8186 | env15                      | ReduxSoundtrack.oph:103
$818B | env16                      | ReduxSoundtrack.oph:105
$819B | env17                      | ReduxSoundtrack.oph:107
$81AB | env18                      | ReduxSoundtrack.oph:109
$81AE | song0ch0                   | ReduxSoundtrack.oph:113
$81B0 | ref0                       | ReduxSoundtrack.oph:116
$81B0 | song0ch0loop               | ReduxSoundtrack.oph:115
$81C1 | ref1                       | ReduxSoundtrack.oph:123
$81C1 | song0ch1                   | ReduxSoundtrack.oph:121
$81C1 | song0ch1loop               | ReduxSoundtrack.oph:122
$81C6 | ref2                       | ReduxSoundtrack.oph:130
$81C6 | song0ch2                   | ReduxSoundtrack.oph:128
$81C6 | song0ch2loop               | ReduxSoundtrack.oph:129
$81DD | ref3                       | ReduxSoundtrack.oph:138
$81DD | song0ch3                   | ReduxSoundtrack.oph:136
$81DD | song0ch3loop               | ReduxSoundtrack.oph:137
$81E2 | ref4                       | ReduxSoundtrack.oph:145
$81E2 | song0ch4                   | ReduxSoundtrack.oph:143
$81E2 | song0ch4loop               | ReduxSoundtrack.oph:144
$81E7 | ref5                       | ReduxSoundtrack.oph:153
$81E7 | song1ch0                   | ReduxSoundtrack.oph:151
$81E7 | song1ch0loop               | ReduxSoundtrack.oph:152
$8201 | ref6                       | ReduxSoundtrack.oph:156
$821B | ref7                       | ReduxSoundtrack.oph:159
$8234 | ref8                       | ReduxSoundtrack.oph:162
$824B | ref9                       | ReduxSoundtrack.oph:165
$8265 | ref10                      | ReduxSoundtrack.oph:168
$8282 | ref11                      | ReduxSoundtrack.oph:171
$829E | ref12                      | ReduxSoundtrack.oph:174
$82B6 | ref13                      | ReduxSoundtrack.oph:177
$82D3 | ref14                      | ReduxSoundtrack.oph:180
$82F0 | ref15                      | ReduxSoundtrack.oph:183
$830D | ref16                      | ReduxSoundtrack.oph:186
$832C | ref18                      | ReduxSoundtrack.oph:191
$8349 | ref19                      | ReduxSoundtrack.oph:194
$8364 | ref20                      | ReduxSoundtrack.oph:197
$8375 | ref21                      | ReduxSoundtrack.oph:204
$8375 | song1ch1                   | ReduxSoundtrack.oph:202
$8375 | song1ch1loop               | ReduxSoundtrack.oph:203
$838B | ref22                      | ReduxSoundtrack.oph:207
$8394 | ref23                      | ReduxSoundtrack.oph:209
$83A9 | ref24                      | ReduxSoundtrack.oph:212
$83B3 | ref25                      | ReduxSoundtrack.oph:214
$83C8 | ref26                      | ReduxSoundtrack.oph:217
$83D7 | ref27                      | ReduxSoundtrack.oph:219
$83E8 | ref28                      | ReduxSoundtrack.oph:222
$83F3 | ref29                      | ReduxSoundtrack.oph:224
$83FF | ref30                      | ReduxSoundtrack.oph:226
$8407 | ref31                      | ReduxSoundtrack.oph:228
$8413 | ref32                      | ReduxSoundtrack.oph:230
$841B | ref33                      | ReduxSoundtrack.oph:232
$8427 | ref34                      | ReduxSoundtrack.oph:234
$8432 | ref35                      | ReduxSoundtrack.oph:236
$843A | ref36                      | ReduxSoundtrack.oph:238
$843F | ref37                      | ReduxSoundtrack.oph:245
$843F | song1ch2                   | ReduxSoundtrack.oph:243
$843F | song1ch2loop               | ReduxSoundtrack.oph:244
$8456 | ref38                      | ReduxSoundtrack.oph:248
$846D | ref39                      | ReduxSoundtrack.oph:251
$8483 | ref40                      | ReduxSoundtrack.oph:254
$84A7 | ref44                      | ReduxSoundtrack.oph:263
$84BB | ref45                      | ReduxSoundtrack.oph:266
$84D7 | ref46                      | ReduxSoundtrack.oph:269
$84F7 | ref48                      | ReduxSoundtrack.oph:274
$851F | ref52                      | ReduxSoundtrack.oph:283
$8534 | ref53                      | ReduxSoundtrack.oph:291
$8534 | song1ch3                   | ReduxSoundtrack.oph:289
$8534 | song1ch3loop               | ReduxSoundtrack.oph:290
$8535 | ref54                      | ReduxSoundtrack.oph:293
$8536 | ref55                      | ReduxSoundtrack.oph:295
$8537 | ref56                      | ReduxSoundtrack.oph:297
$8538 | ref57                      | ReduxSoundtrack.oph:299
$8539 | ref58                      | ReduxSoundtrack.oph:301
$853A | ref59                      | ReduxSoundtrack.oph:303
$853B | ref60                      | ReduxSoundtrack.oph:305
$8542 | ref61                      | ReduxSoundtrack.oph:307
$855A | ref62                      | ReduxSoundtrack.oph:310
$8587 | ref68                      | ReduxSoundtrack.oph:323
$859A | song1ch4                   | ReduxSoundtrack.oph:328
$859C | ref69                      | ReduxSoundtrack.oph:331
$859C | song1ch4loop               | ReduxSoundtrack.oph:330
$860B | ref85                      | ReduxSoundtrack.oph:371
$860B | song2ch0                   | ReduxSoundtrack.oph:369
$860B | song2ch0loop               | ReduxSoundtrack.oph:370
$862D | ref86                      | ReduxSoundtrack.oph:375
$8653 | ref88                      | ReduxSoundtrack.oph:381
$8669 | ref89                      | ReduxSoundtrack.oph:384
$8690 | ref90                      | ReduxSoundtrack.oph:388
$86B6 | ref92                      | ReduxSoundtrack.oph:394
$86D3 | ref93                      | ReduxSoundtrack.oph:397
$86F6 | ref94                      | ReduxSoundtrack.oph:401
$871F | ref96                      | ReduxSoundtrack.oph:407
$873C | ref97                      | ReduxSoundtrack.oph:410
$8763 | ref98                      | ReduxSoundtrack.oph:414
$878E | ref100                     | ReduxSoundtrack.oph:420
$87A5 | ref101                     | ReduxSoundtrack.oph:423
$87D3 | ref104                     | ReduxSoundtrack.oph:431
$87F3 | ref105                     | ReduxSoundtrack.oph:439
$87F3 | song2ch1                   | ReduxSoundtrack.oph:437
$87F3 | song2ch1loop               | ReduxSoundtrack.oph:438
$87F4 | ref106                     | ReduxSoundtrack.oph:441
$87F5 | ref107                     | ReduxSoundtrack.oph:443
$87F6 | ref108                     | ReduxSoundtrack.oph:445
$87F7 | ref109                     | ReduxSoundtrack.oph:447
$8808 | ref110                     | ReduxSoundtrack.oph:450
$8815 | ref111                     | ReduxSoundtrack.oph:452
$8825 | ref112                     | ReduxSoundtrack.oph:454
$882F | ref113                     | ReduxSoundtrack.oph:456
$883D | ref114                     | ReduxSoundtrack.oph:458
$8847 | ref115                     | ReduxSoundtrack.oph:460
$8858 | ref117                     | ReduxSoundtrack.oph:464
$8871 | ref118                     | ReduxSoundtrack.oph:467
$888A | ref119                     | ReduxSoundtrack.oph:470
$88A4 | ref120                     | ReduxSoundtrack.oph:473
$88C7 | ref124                     | ReduxSoundtrack.oph:482
$88DB | ref125                     | ReduxSoundtrack.oph:490
$88DB | song2ch2                   | ReduxSoundtrack.oph:488
$88DB | song2ch2loop               | ReduxSoundtrack.oph:489
$88E9 | ref126                     | ReduxSoundtrack.oph:492
$88FE | ref128                     | ReduxSoundtrack.oph:497
$8909 | ref129                     | ReduxSoundtrack.oph:499
$891A | ref130                     | ReduxSoundtrack.oph:502
$892A | ref131                     | ReduxSoundtrack.oph:504
$893A | ref132                     | ReduxSoundtrack.oph:506
$8944 | ref133                     | ReduxSoundtrack.oph:508
$8959 | ref134                     | ReduxSoundtrack.oph:511
$896F | ref135                     | ReduxSoundtrack.oph:514
$8985 | ref136                     | ReduxSoundtrack.oph:517
$899C | ref137                     | ReduxSoundtrack.oph:520
$89B4 | ref138                     | ReduxSoundtrack.oph:523
$89CE | ref139                     | ReduxSoundtrack.oph:526
$89E5 | ref140                     | ReduxSoundtrack.oph:529
$8A07 | ref144                     | ReduxSoundtrack.oph:538
$8A19 | ref145                     | ReduxSoundtrack.oph:545
$8A19 | song2ch3                   | ReduxSoundtrack.oph:543
$8A19 | song2ch3loop               | ReduxSoundtrack.oph:544
$8A24 | ref146                     | ReduxSoundtrack.oph:547
$8A34 | ref148                     | ReduxSoundtrack.oph:551
$8A42 | ref149                     | ReduxSoundtrack.oph:553
$8A56 | ref150                     | ReduxSoundtrack.oph:556
$8A74 | ref152                     | ReduxSoundtrack.oph:561
$8A83 | ref153                     | ReduxSoundtrack.oph:563
$8A9D | ref155                     | ReduxSoundtrack.oph:568
$8AB5 | ref156                     | ReduxSoundtrack.oph:571
$8ACA | ref157                     | ReduxSoundtrack.oph:574
$8AE4 | ref158                     | ReduxSoundtrack.oph:577
$8B01 | ref159                     | ReduxSoundtrack.oph:580
$8B1A | ref160                     | ReduxSoundtrack.oph:583
$8B3B | ref164                     | ReduxSoundtrack.oph:592
$8B4D | song2ch4                   | ReduxSoundtrack.oph:597
$8B4F | song2ch4loop               | ReduxSoundtrack.oph:599
$8BA2 | ref185                     | ReduxSoundtrack.oph:645
$8BA2 | song3ch0                   | ReduxSoundtrack.oph:644
$8BD3 | ref186                     | ReduxSoundtrack.oph:651
$8BD3 | song3ch0loop               | ReduxSoundtrack.oph:650
$8BD7 | ref187                     | ReduxSoundtrack.oph:657
$8BD7 | song3ch1                   | ReduxSoundtrack.oph:656
$8C09 | ref188                     | ReduxSoundtrack.oph:663
$8C09 | song3ch1loop               | ReduxSoundtrack.oph:662
$8C0D | ref189                     | ReduxSoundtrack.oph:669
$8C0D | song3ch2                   | ReduxSoundtrack.oph:668
$8C23 | ref190                     | ReduxSoundtrack.oph:673
$8C23 | song3ch2loop               | ReduxSoundtrack.oph:672
$8C27 | ref191                     | ReduxSoundtrack.oph:679
$8C27 | song3ch3                   | ReduxSoundtrack.oph:678
$8C3B | ref192                     | ReduxSoundtrack.oph:683
$8C3B | song3ch3loop               | ReduxSoundtrack.oph:682
$8C3F | song3ch4                   | ReduxSoundtrack.oph:688
$8C45 | ref194                     | ReduxSoundtrack.oph:693
$8C45 | song3ch4loop               | ReduxSoundtrack.oph:692
$8C49 | ref195                     | ReduxSoundtrack.oph:700
$8C49 | song4ch0                   | ReduxSoundtrack.oph:699
$8C75 | ref196                     | ReduxSoundtrack.oph:705
$8C75 | song4ch0loop               | ReduxSoundtrack.oph:704
$8C79 | ref197                     | ReduxSoundtrack.oph:711
$8C79 | song4ch1                   | ReduxSoundtrack.oph:710
$8C9F | ref198                     | ReduxSoundtrack.oph:716
$8C9F | song4ch1loop               | ReduxSoundtrack.oph:715
$8CA3 | ref199                     | ReduxSoundtrack.oph:722
$8CA3 | song4ch2                   | ReduxSoundtrack.oph:721
$8CB7 | ref200                     | ReduxSoundtrack.oph:726
$8CB7 | song4ch2loop               | ReduxSoundtrack.oph:725
$8CBB | ref201                     | ReduxSoundtrack.oph:732
$8CBB | song4ch3                   | ReduxSoundtrack.oph:731
$8CCA | ref202                     | ReduxSoundtrack.oph:735
$8CCA | song4ch3loop               | ReduxSoundtrack.oph:734
$8CCE | song4ch4                   | ReduxSoundtrack.oph:740
$8CD4 | ref204                     | ReduxSoundtrack.oph:745
$8CD4 | song4ch4loop               | ReduxSoundtrack.oph:744
$8CD8 | ref205                     | ReduxSoundtrack.oph:753
$8CD8 | song5ch0                   | ReduxSoundtrack.oph:751
$8CD8 | song5ch0loop               | ReduxSoundtrack.oph:752
$8CFD | ref206                     | ReduxSoundtrack.oph:757
$8D1C | ref207                     | ReduxSoundtrack.oph:760
$8D42 | ref208                     | ReduxSoundtrack.oph:764
$8D62 | ref209                     | ReduxSoundtrack.oph:767
$8D8A | ref211                     | ReduxSoundtrack.oph:773
$8DB2 | ref212                     | ReduxSoundtrack.oph:777
$8DD9 | ref213                     | ReduxSoundtrack.oph:781
$8E0A | ref214                     | ReduxSoundtrack.oph:786
$8E40 | ref215                     | ReduxSoundtrack.oph:791
$8E6E | ref216                     | ReduxSoundtrack.oph:795
$8E96 | ref217                     | ReduxSoundtrack.oph:799
$8EC8 | ref218                     | ReduxSoundtrack.oph:804
$8EF8 | ref219                     | ReduxSoundtrack.oph:808
$8F2C | ref220                     | ReduxSoundtrack.oph:813
$8F4D | ref221                     | ReduxSoundtrack.oph:821
$8F4D | song5ch1                   | ReduxSoundtrack.oph:819
$8F4D | song5ch1loop               | ReduxSoundtrack.oph:820
$8F5D | ref222                     | ReduxSoundtrack.oph:823
$8F63 | ref223                     | ReduxSoundtrack.oph:825
$8F70 | ref224                     | ReduxSoundtrack.oph:827
$8F78 | ref225                     | ReduxSoundtrack.oph:829
$8F8B | ref227                     | ReduxSoundtrack.oph:833
$8F98 | ref228                     | ReduxSoundtrack.oph:835
$8F9B | ref229                     | ReduxSoundtrack.oph:837
$8FAE | ref230                     | ReduxSoundtrack.oph:840
$8FBB | ref231                     | ReduxSoundtrack.oph:842
$8FCB | ref232                     | ReduxSoundtrack.oph:844
$8FD8 | ref233                     | ReduxSoundtrack.oph:846
$8FEB | ref234                     | ReduxSoundtrack.oph:849
$8FF9 | ref235                     | ReduxSoundtrack.oph:851
$900A | ref236                     | ReduxSoundtrack.oph:854
$9012 | ref237                     | ReduxSoundtrack.oph:861
$9012 | song5ch2                   | ReduxSoundtrack.oph:859
$9012 | song5ch2loop               | ReduxSoundtrack.oph:860
$9028 | ref238                     | ReduxSoundtrack.oph:864
$903D | ref239                     | ReduxSoundtrack.oph:867
$9052 | ref240                     | ReduxSoundtrack.oph:870
$906E | ref243                     | ReduxSoundtrack.oph:877
$9083 | ref244                     | ReduxSoundtrack.oph:880
$9094 | ref245                     | ReduxSoundtrack.oph:883
$90AA | ref246                     | ReduxSoundtrack.oph:886
$90BF | ref247                     | ReduxSoundtrack.oph:889
$90D4 | ref248                     | ReduxSoundtrack.oph:892
$90F1 | ref252                     | ReduxSoundtrack.oph:901
$9106 | ref253                     | ReduxSoundtrack.oph:909
$9106 | song5ch3                   | ReduxSoundtrack.oph:907
$9106 | song5ch3loop               | ReduxSoundtrack.oph:908
$9126 | ref256                     | ReduxSoundtrack.oph:916
$9149 | ref260                     | ReduxSoundtrack.oph:925
$915E | ref261                     | ReduxSoundtrack.oph:928
$917C | ref262                     | ReduxSoundtrack.oph:931
$91AD | ref268                     | ReduxSoundtrack.oph:944
$91CC | song5ch4                   | ReduxSoundtrack.oph:950
$91CE | song5ch4loop               | ReduxSoundtrack.oph:952
$A000 | paddle1top                 | sprites.asm:6
$A004 | paddle1mid                 | sprites.asm:8
$A008 | paddle1bot                 | sprites.asm:10
$A00C | paddle2top                 | sprites.asm:13
$A010 | paddle2mid                 | sprites.asm:15
$A014 | paddle2bot                 | sprites.asm:17
$A018 | ballsprite                 | sprites.asm:20
$A01C | tcsprite                   | sprites.asm:23
$A020 | smokepuff1                 | sprites.asm:26
$A024 | smokepuff2                 | sprites.asm:28
$A028 | smokepuff3                 | sprites.asm:30
$A02C | spupleft                   | sprites.asm:33
$A02D | spupright                  | sprites.asm:35
$A02E | spdownright                | sprites.asm:37
$A02F | spdownleft                 | sprites.asm:39
$A030 | ballrotation               | sprites.asm:42
$A040 | ballangle                  | sprites.asm:46
$A050 | titlecursors               | gamedata.asm:32
$A055 | scorerow                   | gamedata.asm:35
$A075 | scorewin                   | gamedata.asm:38
$A078 | scorelose                  | gamedata.asm:41
$A07C | gameoverline1              | gamedata.asm:44
$A086 | gameoverline2              | gamedata.asm:47
$A09A | scoretable                 | gamedata.asm:50
$A0A4 | titlebgpal                 | palettedata.asm:4
$A0B4 | oldschoolbgpal             | palettedata.asm:7
$A0C4 | oldschoolspritepal         | palettedata.asm:10
$A0D4 | retrocardpal               | palettedata.asm:13
$A0E4 | creditspal                 | palettedata.asm:16
$A0F4 | titlescreen                | graphicsdata.asm:30
$A4F4 | reduxfield                 | graphicsdata.asm:33
$A8F4 | reduxatr                   | graphicsdata.asm:36
$A934 | retrocard                  | graphicsdata.asm:39
$AD34 | creditsbg                  | graphicsdata.asm:42
$B134 | credits1atr                | graphicsdata.asm:45
$B174 | credits2atr                | graphicsdata.asm:48
$B1B4 | creditborderpal            | credits.asm:1
$B1B8 | creditscreen1              | credits.asm:4
$B2D6 | creditscreen2              | credits.asm:61
$B3D2 | sounds                     | Sounds.oph:3
$B3DE | sfx_ntsc_0                 | Sounds.oph:8
$B406 | sfx_ntsc_1                 | Sounds.oph:12
$B42E | sfx_ntsc_2                 | Sounds.oph:16
$B4A2 | sfx_pal_0                  | Sounds.oph:25
$B4C4 | sfx_pal_1                  | Sounds.oph:29
$B4E6 | sfx_pal_2                  | Sounds.oph:33
$C000 | *                          | KongPPU.asm:113
$C000 | waitvblank                 | KongPPU.asm:112
$C006 | disablegfx                 | KongPPU.asm:119
$C00F | enablegfx                  | KongPPU.asm:127
$C018 | clearnametables            | KongPPU.asm:133
$C028 | *                          | KongPPU.asm:141
$C032 | clearsprites               | KongPPU.asm:157
$C034 | *                          | KongPPU.asm:159
$C03D | resetnes                   | KongSetup.asm:1
$C050 | clearram                   | KongSetup.asm:12
$C052 | *                          | KongSetup.asm:14
$C069 | resetscroll                | KongSetup.asm:27
$C072 | initzp                     | KongSetup.asm:33
$C076 | *                          | KongSetup.asm:36
$C07E | rendertextscreen           | KongText.asm:7
$C086 | *                          | KongText.asm:14
$C094 | *                          | KongText.asm:22
$C0DC | *                          | KongText.asm:57
$C0EE | *                          | KongText.asm:66
$C0FA | *                          | KongText.asm:71
$C103 | enginetitlecard            | titlecard.asm:1
$C119 | _bgpaletteloop             | titlecard.asm:14->KongMacros.asm:17
$C13D | *                          | titlecard.asm:26
$C167 | *                          | titlecard.asm:48
$C190 | _sprpaletteloop            | titlecard.asm:61->KongMacros.asm:29
$C1A0 | *                          | titlecard.asm:66
$C1A1 | enginetitle                | titlescreen.asm:1
$C1D0 | _bgpaletteloop             | titlescreen.asm:17->KongMacros.asm:17
$C1F3 | *                          | titlescreen.asm:33
$C21D | readtitleinput             | titlescreen.asm:54
$C238 | *                          | titlescreen.asm:75
$C249 | *                          | titlescreen.asm:83
$C255 | *                          | titlescreen.asm:89
$C26F | *                          | titlescreen.asm:102
$C276 | *                          | titlescreen.asm:105
$C27F | skiptooptions              | titlescreen.asm:110
$C284 | *                          | titlescreen.asm:114
$C29E | *                          | titlescreen.asm:129
$C2AC | skipto2p                   | titlescreen.asm:135
$C2B1 | *                          | titlescreen.asm:139
$C2B2 | enginecredits              | creditscreen.asm:4
$C2E4 | _bgpaletteloop             | creditscreen.asm:20->KongMacros.asm:17
$C310 | *                          | creditscreen.asm:34
$C32E | credits_b                  | creditscreen.asm:49
$C32E | readcreditsinput           | creditscreen.asm:47
$C342 | jumpheredipshit            | creditscreen.asm:62
$C345 | credits_a                  | creditscreen.asm:65
$C34F | switchtothanks             | creditscreen.asm:73
$C383 | *                          | creditscreen.asm:97
$C39F | switchtomain               | creditscreen.asm:108
$C3D3 | *                          | creditscreen.asm:132
$C3EC | readcreditsinputend        | creditscreen.asm:141
$C3ED | pausetext                  | gameplay.asm:1
$C402 | clearpause                 | gameplay.asm:6
$C417 | engineplaying              | gameplay.asm:11
$C421 | *                          | gameplay.asm:24
$C43C | *                          | gameplay.asm:38
$C498 | checkball                  | gameplay.asm:79
$C4C1 | *                          | gameplay.asm:103
$C4EA | *                          | gameplay.asm:124
$C517 | *                          | gameplay.asm:149
$C544 | checkp1up                  | gameplay.asm:174
$C56D | checkp1down                | gameplay.asm:199
$C593 | *                          | gameplay.asm:223
$C593 | checkp1select              | gameplay.asm:222
$C5AA | *                          | gameplay.asm:239
$C5AA | aicheck                    | gameplay.asm:238
$C5B1 | p2paddleai                 | gameplay.asm:243
$C5BE | notballright               | gameplay.asm:252
$C5E9 | *                          | gameplay.asm:273
$C60F | checkp2up                  | gameplay.asm:290
$C635 | checkp2down                | gameplay.asm:313
$C65B | *                          | gameplay.asm:339
$C65B | checkpaddle1               | gameplay.asm:338
$C68D | *                          | gameplay.asm:367
$C6A1 | *                          | gameplay.asm:376
$C6C9 | *                          | gameplay.asm:395
$C6D3 | checkpaddle2               | gameplay.asm:402
$C705 | *                          | gameplay.asm:432
$C719 | *                          | gameplay.asm:441
$C72D | *                          | gameplay.asm:450
$C741 | *                          | gameplay.asm:460
$C74E | playenginedone             | gameplay.asm:466
$C74F | enginepaused               | engine.asm:17
$C766 | *                          | engine.asm:46
$C767 | enginegameover             | engine.asm:48
$C777 | *                          | engine.asm:57
$C778 | checkpausetimer            | engine.asm:59
$C78C | *                          | engine.asm:69
$C7A2 | *                          | engine.asm:78
$C7A3 | drawscore                  | engine.asm:80
$C7B0 | *                          | engine.asm:87
$C7BD | *                          | engine.asm:92
$C7BE | resetplayfield             | engine.asm:94
$C7EB | setscorep1                 | engine.asm:120
$C808 | setp1win                   | engine.asm:129
$C817 | *                          | engine.asm:132
$C831 | *                          | engine.asm:139
$C849 | setp1done                  | engine.asm:149
$C84A | setscorep2                 | engine.asm:152
$C867 | setp2win                   | engine.asm:161
$C876 | *                          | engine.asm:164
$C890 | *                          | engine.asm:171
$C8A8 | setp2done                  | engine.asm:182
$C8A9 | rotateball                 | engine.asm:185
$C8B5 | *                          | engine.asm:191
$C8CC | updatesprites              | engine.asm:202
$C8D6 | updateball                 | engine.asm:213
$C916 | loadpuffindices            | engine.asm:262
$C925 | smokedownright             | engine.asm:273
$C965 | smokeupright               | engine.asm:307
$C9A5 | smokedownleft              | engine.asm:342
$C9B8 | downlefty                  | engine.asm:353
$C9CD | downleftx                  | engine.asm:379
$C9E5 | smokeupleft                | engine.asm:392
$CA20 | clearsmoke                 | engine.asm:443
$CA2B | *                          | engine.asm:451
$CA2B | puffdone                   | engine.asm:450
$CA35 | *                          | engine.asm:456
$CA47 | *                          | engine.asm:464
$CA52 | updatespritesdone          | engine.asm:484
$CA53 | writeblankrows             | KongRender.asm:8
$CA57 | *                          | KongRender.asm:12
$CA6A | writeblanktiles            | KongRender.asm:24
$CA6E | *                          | KongRender.asm:28
$CA7F | rendernametable            | KongRender.asm:39
$CA94 | *                          | KongRender.asm:53
$CAA6 | clearattribute             | KongRender.asm:64
$CAB5 | *                          | KongRender.asm:72
$CABE | setpalette                 | render.asm:7
$CACD | _bgpaletteloop             | render.asm:9->KongMacros.asm:17
$CAE7 | _sprpaletteloop            | render.asm:10->KongMacros.asm:29
$CAF3 | setfieldbg                 | render.asm:18
$CAF8 | setfieldattr               | render.asm:23
$CAFD | initsprites                | render.asm:29
$CAFF | *                          | render.asm:32
$CB0C | *                          | render.asm:39
$CB19 | *                          | render.asm:46
$CB26 | *                          | render.asm:53
$CB33 | *                          | render.asm:60
$CB40 | *                          | render.asm:67
$CB4D | *                          | render.asm:74
$CB59 | clear4playerstitle         | render.asm:214
$CB6A | *                          | render.asm:219
$CB83 | *                          | render.asm:227
$CB8C | rendercompressedfield      | render.asm:247
$CBB2 | _wtlbyte                   | render.asm:258->render.asm:240
$CBC8 | *                          | render.asm:266
$CBD6 | _wtlbyte                   | render.asm:270->render.asm:240
$CBFF | _wtlbyte                   | render.asm:284->render.asm:240
$CC25 | *                          | render.asm:295
$CC3F | *                          | render.asm:303
$CC4B | readcontroller1            | KongInput.asm:28
$CC5B | *                          | KongInput.asm:36
$CC65 | readcontroller2            | KongInput.asm:43
$CC75 | *                          | KongInput.asm:51
$CC7F | check4players              | KongInput.asm:58
$CC8B | *                          | KongInput.asm:65
$CC98 | *                          | KongInput.asm:73
$CCA5 | *                          | KongInput.asm:81
$CCBC | *                          | KongInput.asm:93
$CCC9 | *                          | KongInput.asm:101
$CCD6 | *                          | KongInput.asm:109
$CCF1 | *                          | KongInput.asm:123
$CCF2 | readcontroller1and3        | KongInput.asm:125
$CD02 | *                          | KongInput.asm:133
$CD1B | *                          | KongInput.asm:145
$CD25 | readcontroller2and4        | KongInput.asm:152
$CD35 | *                          | KongInput.asm:160
$CD4E | *                          | KongInput.asm:172
$CD58 | famitoneinit               | famitone2.asm:210
$CD67 | _pal                       | famitone2.asm:220
$CDB0 | famitonemusicstop          | famitone2.asm:265
$CDBA | _set_channels              | famitone2.asm:273
$CDD4 | _set_envelopes             | famitone2.asm:289
$CDEC | famitonemusicplay          | famitone2.asm:311
$CE15 | _set_channels              | famitone2.asm:341
$CE40 | _pal                       | famitone2.asm:367
$CE58 | _skip                      | famitone2.asm:382
$CE59 | famitonemusicpause         | famitone2.asm:391
$CE5C | _pause                     | famitone2.asm:395
$CE71 | _unpause                   | famitone2.asm:404
$CE76 | _done                      | famitone2.asm:407
$CE7A | famitoneupdate             | famitone2.asm:418
$CE87 | _pause                     | famitone2.asm:431
$CE8A | _update                    | famitone2.asm:434
$CEA5 | _update_row                | famitone2.asm:447
$CEBE | _no_new_note1              | famitone2.asm:461
$CED0 | _no_new_note2              | famitone2.asm:470
$CEDF | _no_new_note3              | famitone2.asm:478
$CEF1 | _no_new_note4              | famitone2.asm:487
$CF02 | _play_sample               | famitone2.asm:496
$CF05 | _no_new_note5              | famitone2.asm:498
$CF05 | _update_envelopes          | famitone2.asm:501
$CF07 | _envprocess                | famitone2.asm:505
$CF11 | _envread                   | famitone2.asm:512
$CF1E | _envread_value             | famitone2.asm:520
$CF2B | _envspecial                | famitone2.asm:531
$CF34 | _envset_repeat             | famitone2.asm:539
$CF38 | _envnext_store_ptr         | famitone2.asm:544
$CF3C | _envnext                   | famitone2.asm:549
$CF41 | _update_sound              | famitone2.asm:557
$CF5F | _ch1sign                   | famitone2.asm:575
$CF65 | _ch1prev                   | famitone2.asm:578
$CF68 | _ch1cut                    | famitone2.asm:580
$CF8C | _ch2sign                   | famitone2.asm:599
$CF92 | _ch2prev                   | famitone2.asm:602
$CF95 | _ch2cut                    | famitone2.asm:604
$CFB9 | _ch3sign                   | famitone2.asm:623
$CFC2 | _ch3cut                    | famitone2.asm:627
$CFE4 | _ch4cut                    | famitone2.asm:645
$D017 | _no_pulse1_upd             | famitone2.asm:671
$D031 | _no_pulse2_upd             | famitone2.asm:682
$D056 | _ft2setinstrument          | famitone2.asm:709
$D0A6 | _no_pitch                  | famitone2.asm:755
$D0A9 | _ft2channelupdate          | famitone2.asm:762
$D0B3 | _no_repeat                 | famitone2.asm:770
$D0BD | _no_repeat_r               | famitone2.asm:775
$D0BF | _read_byte                 | famitone2.asm:778
$D0C7 | _no_inc_ptr1               | famitone2.asm:784
$D0D1 | _no_empty_row              | famitone2.asm:792
$D0D7 | _special_code              | famitone2.asm:797
$D0E3 | _set_empty_rows            | famitone2.asm:806
$D0ED | _set_reference             | famitone2.asm:813
$D114 | _set_speed                 | famitone2.asm:834
$D121 | _set_loop                  | famitone2.asm:842
$D132 | _set_repeat                | famitone2.asm:853
$D135 | _done                      | famitone2.asm:856
$D14C | _no_ref                    | famitone2.asm:868
$D157 | famitonesamplestop         | famitone2.asm:879
$D15D | famitonesampleplaym        | famitone2.asm:892
$D16B | _not_busy                  | famitone2.asm:902
$D172 | famitonesampleplay         | famitone2.asm:912
$D177 | _ft2sampleplay             | famitone2.asm:917
$D1A8 | famitonesfxinit            | famitone2.asm:952
$D1B1 | _no_inc1                   | famitone2.asm:959
$D1B5 | _ntsc                      | famitone2.asm:963
$D1BD | _set_channels              | famitone2.asm:970
$D1CA | _ft2sfxclearchannel        | famitone2.asm:986
$D1E4 | famitonesfxplay            | famitone2.asm:1007
$D200 | _ft2sfxupdate              | famitone2.asm:1032
$D20A | _no_repeat                 | famitone2.asm:1039
$D210 | _sfx_active                | famitone2.asm:1044
$D21B | _read_byte                 | famitone2.asm:1051
$D22C | _get_data                  | famitone2.asm:1061
$D23D | _eof                       | famitone2.asm:1072
$D240 | _update_buf                | famitone2.asm:1075
$D262 | _no_pulse1                 | famitone2.asm:1090
$D284 | _no_pulse2                 | famitone2.asm:1105
$D298 | _no_triangle               | famitone2.asm:1114
$D2B4 | _no_noise                  | famitone2.asm:1127
$D2B5 | _ft2dummyenvelope          | famitone2.asm:1134
$D2B8 | _ft2notetablelsb           | famitone2.asm:1141
$D338 | _ft2notetablemsb           | famitone2.asm:1150
$E000 | reset                      | main.asm:187
$E00D | _clearbyte                 | main.asm:192->KongSetup.asm:52
$E02E | mainloop                   | main.asm:215
$E031 | *                          | main.asm:222
$E031 | checkgameover              | main.asm:221
$E031 | nmi                        | main.asm:219
$E04C | *                          | main.asm:233
$E066 | *                          | main.asm:241
$E07E | *                          | main.asm:259
$E07E | checkplaying               | main.asm:258
$E08F | *                          | main.asm:266
$E097 | *                          | main.asm:271
$E0A4 | *                          | main.asm:281
$E0AD | *                          | main.asm:289
$E0B7 | *                          | main.asm:294
$E0C1 | *                          | main.asm:299
$E0CB | *                          | main.asm:304
$E0D5 | *                          | main.asm:309
$E0DF | *                          | main.asm:314
$E0E9 | *                          | main.asm:320
